******************************************************************************
                  TI ARM Linker Unix v20.2.7                   
******************************************************************************
>> Linked Wed Feb 11 09:07:39 2026

OUTPUT FILE NAME:   <Capstone.out>
ENTRY POINT SYMBOL: "_c_int00_noargs"  address: 000026f5


MEMORY CONFIGURATION

         name            origin    length      used     unused   attr    fill
----------------------  --------  ---------  --------  --------  ----  --------
  MAIN                  00000000   00200000  00002941  001fd6bf  R  X
  INFO                  00200000   00008000  00000000  00008000  R  X
  SRAM_CODE             01000000   00040000  0000022c  0003fdd4  RW X
  SRAM_DATA             20000000   00040000  0000022c  0003fdd4  RW  


SEGMENT ALLOCATION MAP

run origin  load origin   length   init length attrs members
----------  ----------- ---------- ----------- ----- -------
00000000    00000000    00002948   00002948    r-x
  00000000    00000000    000000e8   000000e8    r-- .intvecs
  000000e8    000000e8    00002730   00002730    r-x .text
  00002818    00002818    00000101   00000101    r-- .const
  00002920    00002920    00000028   00000028    r-- .cinit
20000000    20000000    0000002c   00000000    rw-
  20000000    20000000    0000002c   00000000    rw- .data
2003fe00    2003fe00    00000200   00000000    rw-
  2003fe00    2003fe00    00000200   00000000    rw- .stack


SECTION ALLOCATION MAP

 output                                  attributes/
section   page    origin      length       input sections
--------  ----  ----------  ----------   ----------------
.intvecs   0    00000000    000000e8     
                  00000000    000000e8     startup_msp432p4111_ccs.obj (.intvecs:retain)

.text      0    000000e8    00002730     
                  000000e8    00000a4e     rtsv7M4_T_le_v4SPD16_eabi.lib : _printfi.c.obj (.text:__TI_printfi)
                  00000b36    00000002                                   : div0.asm.obj (.text)
                  00000b38    000005d8     main.obj (.text)
                  00001110    00000350     system_msp432p4111.obj (.text)
                  00001460    00000270     rtsv7M4_T_le_v4SPD16_eabi.lib : _printfi.c.obj (.text:_pconv_a)
                  000016d0    000001d0                                   : _printfi.c.obj (.text:_pconv_g)
                  000018a0    000001b6                                   : fd_add_t2.asm.obj (.text)
                  00001a56    00000002     --HOLE-- [fill = 0]
                  00001a58    0000013c                                   : _printfi.c.obj (.text:_pconv_e)
                  00001b94    00000136                                   : fd_div_t2.asm.obj (.text)
                  00001cca    00000002     --HOLE-- [fill = 0]
                  00001ccc    00000124                                   : _printfi.c.obj (.text:fcvt)
                  00001df0    00000110                                   : s_scalbn.c.obj (.text:scalbn)
                  00001f00    000000fc                                   : fd_mul_t2.asm.obj (.text)
                  00001ffc    000000b1                                   : _printfi.c.obj (.text:_ltostr)
                  000020ad    00000001     --HOLE-- [fill = 0]
                  000020ae    0000009c                                   : memcpy_t2.asm.obj (.text)
                  0000214a    00000096                                   : ull_div_t2.asm.obj (.text)
                  000021e0    00000086                                   : fd_cmp_t2.asm.obj (.text:__aeabi_cdcmple)
                  00002266    00000086                                   : fd_cmp_t2.asm.obj (.text:__aeabi_cdrcmple)
                  000022ec    0000007a                                   : memset_t2.asm.obj (.text)
                  00002366    0000006e                                   : _printfi.c.obj (.text:_mcpy)
                  000023d4    00000068                                   : copy_decompress_lzss.c.obj (.text:decompress:lzss:__TI_decompress_lzss)
                  0000243c    00000064                                   : s_frexp.c.obj (.text:frexp)
                  000024a0    00000056                                   : _printfi.c.obj (.text:_pconv_f)
                  000024f6    00000054                                   : _ltoa.c.obj (.text:__TI_ltoa)
                  0000254a    00000052                                   : _printfi.c.obj (.text:_ecpy)
                  0000259c    0000004c                                   : atoi.c.obj (.text:atoi)
                  000025e8    00000048                                   : fd_toi_t2.asm.obj (.text)
                  00002630    00000044                                   : autoinit.c.obj (.text:__TI_auto_init_nobinit_nopinit:__TI_auto_init_nobinit_nopinit)
                  00002674    00000040                                   : sprintf.c.obj (.text:sprintf)
                  000026b4    0000003e                                   : _printfi.c.obj (.text:_fcpy)
                  000026f2    00000002     --HOLE-- [fill = 0]
                  000026f4    00000034                                   : boot_cortex_m.c.obj (.text:_c_int00_noargs:_c_int00_noargs)
                  00002728    0000002e                                   : i_tofd_t2.asm.obj (.text)
                  00002756    0000001c                                   : memccpy.c.obj (.text:memccpy)
                  00002772    0000001a                                   : s_copysign.c.obj (.text:copysign)
                  0000278c    00000018                                   : sprintf.c.obj (.text:_outs)
                  000027a4    00000016                                   : strchr.c.obj (.text:strchr)
                  000027ba    00000014                                   : strlen.c.obj (.text:strlen)
                  000027ce    00000012                                   : wcslen.c.obj (.text:wcslen)
                  000027e0    0000000e                                   : copy_decompress_none.c.obj (.text:decompress:none:__TI_decompress_none)
                  000027ee    0000000e     startup_msp432p4111_ccs.obj (.text)
                  000027fc    0000000a     rtsv7M4_T_le_v4SPD16_eabi.lib : sprintf.c.obj (.text:_outc)
                  00002806    00000002     --HOLE-- [fill = 0]
                  00002808    00000008                                   : errno.c.obj (.text:__aeabi_errno_addr)
                  00002810    00000004                                   : pre_init.c.obj (.text:_system_pre_init)
                  00002814    00000004                                   : exit.c.obj (.text:abort:abort)

.const     0    00002818    00000101     
                  00002818    00000101     rtsv7M4_T_le_v4SPD16_eabi.lib : ctype.c.obj (.const:.string:_ctypes_)

.cinit     0    00002920    00000028     
                  00002920    00000016     (.cinit..data.load) [load image, compression = lzss]
                  00002936    00000002     --HOLE-- [fill = 0]
                  00002938    00000008     (__TI_handler_table)
                  00002940    00000008     (__TI_cinit_table)

.init_array 
*          0    00000000    00000000     UNINITIALIZED

.binit     0    00000000    00000000     

.data      0    20000000    0000002c     UNINITIALIZED
                  20000000    00000024     main.obj (.data)
                  20000024    00000004     rtsv7M4_T_le_v4SPD16_eabi.lib : errno.c.obj (.data)
                  20000028    00000004     system_msp432p4111.obj (.data)

.stack     0    2003fe00    00000200     UNINITIALIZED
                  2003fe00    00000004     rtsv7M4_T_le_v4SPD16_eabi.lib : boot_cortex_m.c.obj (.stack)
                  2003fe04    000001fc     --HOLE--

__llvm_prf_cnts 
*          0    20000000    00000000     UNINITIALIZED

MODULE SUMMARY

       Module                        code    ro data   rw data
       ------                        ----    -------   -------
    ./
       main.obj                      1496    0         72     
       system_msp432p4111.obj        848     0         8      
       startup_msp432p4111_ccs.obj   14      232       0      
    +--+-----------------------------+-------+---------+---------+
       Total:                        2358    232       80     
                                                              
    /home/bscholt17/ti/ccs1250/ccs/tools/compiler/ti-cgt-arm_20.2.7.LTS/lib/rtsv7M4_T_le_v4SPD16_eabi.lib
       _printfi.c.obj                4851    0         0      
       fd_add_t2.asm.obj             438     0         0      
       fd_div_t2.asm.obj             310     0         0      
       s_scalbn.c.obj                272     0         0      
       fd_cmp_t2.asm.obj             268     0         0      
       ctype.c.obj                   0       257       0      
       fd_mul_t2.asm.obj             252     0         0      
       memcpy_t2.asm.obj             156     0         0      
       ull_div_t2.asm.obj            150     0         0      
       memset_t2.asm.obj             122     0         0      
       copy_decompress_lzss.c.obj    104     0         0      
       s_frexp.c.obj                 100     0         0      
       sprintf.c.obj                 98      0         0      
       _ltoa.c.obj                   84      0         0      
       atoi.c.obj                    76      0         0      
       fd_toi_t2.asm.obj             72      0         0      
       autoinit.c.obj                68      0         0      
       boot_cortex_m.c.obj           52      0         0      
       i_tofd_t2.asm.obj             46      0         0      
       memccpy.c.obj                 28      0         0      
       s_copysign.c.obj              26      0         0      
       strchr.c.obj                  22      0         0      
       strlen.c.obj                  20      0         0      
       wcslen.c.obj                  18      0         0      
       errno.c.obj                   8       0         8      
       copy_decompress_none.c.obj    14      0         0      
       exit.c.obj                    4       0         0      
       pre_init.c.obj                4       0         0      
       div0.asm.obj                  2       0         0      
    +--+-----------------------------+-------+---------+---------+
       Total:                        7665    257       8      
                                                              
       Stack:                        0       0         1024   
       Linker Generated:             0       38        0      
    +--+-----------------------------+-------+---------+---------+
       Grand Total:                  10023   527       1112   


LINKER GENERATED COPY TABLES

__TI_cinit_table @ 00002940 records: 1, size/record: 8, table size: 8
	.data: load addr=00002920, load size=00000016 bytes, run addr=20000000, run size=0000002c bytes, compression=lzss


LINKER GENERATED HANDLER TABLE

__TI_handler_table @ 00002938 records: 2, size/record: 4, table size: 8
	index: 0, handler: __TI_decompress_lzss
	index: 1, handler: __TI_decompress_none


GLOBAL SYMBOLS: SORTED ALPHABETICALLY BY Name 

address   name                          
-------   ----                          
000027fb  ADC14_IRQHandler              
000027fb  AES256_IRQHandler             
000027fb  BusFault_Handler              
00002815  C$$EXIT                       
000027fb  COMP_E0_IRQHandler            
000027fb  COMP_E1_IRQHandler            
000027fb  CS_IRQHandler                 
000027fb  DMA_ERR_IRQHandler            
000027fb  DMA_INT0_IRQHandler           
000027fb  DMA_INT1_IRQHandler           
000027fb  DMA_INT2_IRQHandler           
000027fb  DMA_INT3_IRQHandler           
000027fb  DebugMon_Handler              
000027fb  Default_Handler               
000027fb  EUSCIA0_IRQHandler            
000027fb  EUSCIA1_IRQHandler            
000027fb  EUSCIA2_IRQHandler            
000027fb  EUSCIA3_IRQHandler            
000027fb  EUSCIB0_IRQHandler            
000027fb  EUSCIB1_IRQHandler            
000027fb  EUSCIB2_IRQHandler            
000027fb  EUSCIB3_IRQHandler            
000027fb  FLCTL_A_IRQHandler            
000027fb  FPU_IRQHandler                
000027fb  HardFault_Handler             
000027fb  LCD_F_IRQHandler              
000027fb  MemManage_Handler             
000027fb  NMI_Handler                   
000027fb  PCM_IRQHandler                
000027fb  PORT1_IRQHandler              
000027fb  PORT2_IRQHandler              
000027fb  PORT3_IRQHandler              
000027fb  PORT4_IRQHandler              
00000e75  PORT5_IRQHandler              
00000e75  PORT5_IRQHandler              
000027fb  PORT6_IRQHandler              
000027fb  PSS_IRQHandler                
000027fb  PendSV_Handler                
00000bcf  Print_Hex                     
00000bef  Print_Int                     
000027fb  RTC_C_IRQHandler              
000027ef  Reset_Handler                 
000027fb  SVC_Handler                   
000027fb  SysTick_Handler               
20000028  SystemCoreClock               
00001111  SystemCoreClockUpdate         
00001389  SystemInit                    
000027fb  T32_INT1_IRQHandler           
000027fb  T32_INT2_IRQHandler           
000027fb  T32_INTC_IRQHandler           
000027fb  TA0_0_IRQHandler              
000027fb  TA0_N_IRQHandler              
000027fb  TA1_0_IRQHandler              
000027fb  TA1_N_IRQHandler              
000027fb  TA2_0_IRQHandler              
000027fb  TA2_N_IRQHandler              
000027fb  TA3_0_IRQHandler              
000027fb  TA3_N_IRQHandler              
00000b39  UART_Init                     
00000ba7  UART_Print                    
000027fb  UsageFault_Handler            
4000480c  WDTCTL_SYM                    
000027fb  WDT_A_IRQHandler              
20040000  __STACK_END                   
00000200  __STACK_SIZE                  
00002940  __TI_CINIT_Base               
00002948  __TI_CINIT_Limit              
00002938  __TI_Handler_Table_Base       
00002940  __TI_Handler_Table_Limit      
00002631  __TI_auto_init_nobinit_nopinit
000023d5  __TI_decompress_lzss          
000027e1  __TI_decompress_none          
000024f7  __TI_ltoa                     
ffffffff  __TI_pprof_out_hndl           
000000e9  __TI_printfi                  
ffffffff  __TI_prof_data_size           
ffffffff  __TI_prof_data_start          
00000000  __TI_static_base__            
000021e1  __aeabi_cdcmpeq               
000021e1  __aeabi_cdcmple               
00002267  __aeabi_cdrcmple              
000025e9  __aeabi_d2iz                  
000018ab  __aeabi_dadd                  
00001b95  __aeabi_ddiv                  
00001f01  __aeabi_dmul                  
000018a1  __aeabi_dsub                  
00002809  __aeabi_errno_addr            
00002729  __aeabi_i2d                   
00000b37  __aeabi_idiv0                 
00000b37  __aeabi_ldiv0                 
000022ed  __aeabi_memclr                
000022ed  __aeabi_memclr4               
000022ed  __aeabi_memclr8               
000020af  __aeabi_memcpy                
000020af  __aeabi_memcpy4               
000020af  __aeabi_memcpy8               
000022ef  __aeabi_memset                
000022ef  __aeabi_memset4               
000022ef  __aeabi_memset8               
0000214b  __aeabi_uldivmod              
ffffffff  __binit__                     
ffffffff  __c_args__                    
UNDEFED   __mpu_init                    
2003fe00  __stack                       
20000000  __start___llvm_prf_cnts       
20000000  __stop___llvm_prf_cnts        
000026f5  _c_int00_noargs               
00002818  _ctypes_                      
UNDEFED   _system_post_cinit            
00002811  _system_pre_init              
00002815  abort                         
0000259d  atoi                          
ffffffff  binit                         
2000000c  bitCount                      
00002773  copysign                      
00002773  copysignl                     
20000004  debug_bit_count               
20000001  debug_byte_received           
20000020  eraseSequenceState            
20000024  errno                         
0000243d  frexp                         
0000243d  frexpl                        
00000000  interruptVectors              
20000018  lastCommand                   
00001df1  ldexp                         
00001df1  ldexpl                        
00000c0b  main                          
00002757  memccpy                       
000020af  memcpy                        
000022f5  memset                        
00001df1  scalbn                        
00001df1  scalbnl                       
20000010  shiftedByte                   
00002675  sprintf                       
000027a5  strchr                        
20000014  streamBitCount                
000027bb  strlen                        
20000000  systemStatus                  
2000001c  tapState                      
20000008  tmsHighCount                  
000027cf  wcslen                        


GLOBAL SYMBOLS: SORTED BY Symbol Address 

address   name                          
-------   ----                          
00000000  __TI_static_base__            
00000000  interruptVectors              
000000e9  __TI_printfi                  
00000200  __STACK_SIZE                  
00000b37  __aeabi_idiv0                 
00000b37  __aeabi_ldiv0                 
00000b39  UART_Init                     
00000ba7  UART_Print                    
00000bcf  Print_Hex                     
00000bef  Print_Int                     
00000c0b  main                          
00000e75  PORT5_IRQHandler              
00000e75  PORT5_IRQHandler              
00001111  SystemCoreClockUpdate         
00001389  SystemInit                    
000018a1  __aeabi_dsub                  
000018ab  __aeabi_dadd                  
00001b95  __aeabi_ddiv                  
00001df1  ldexp                         
00001df1  ldexpl                        
00001df1  scalbn                        
00001df1  scalbnl                       
00001f01  __aeabi_dmul                  
000020af  __aeabi_memcpy                
000020af  __aeabi_memcpy4               
000020af  __aeabi_memcpy8               
000020af  memcpy                        
0000214b  __aeabi_uldivmod              
000021e1  __aeabi_cdcmpeq               
000021e1  __aeabi_cdcmple               
00002267  __aeabi_cdrcmple              
000022ed  __aeabi_memclr                
000022ed  __aeabi_memclr4               
000022ed  __aeabi_memclr8               
000022ef  __aeabi_memset                
000022ef  __aeabi_memset4               
000022ef  __aeabi_memset8               
000022f5  memset                        
000023d5  __TI_decompress_lzss          
0000243d  frexp                         
0000243d  frexpl                        
000024f7  __TI_ltoa                     
0000259d  atoi                          
000025e9  __aeabi_d2iz                  
00002631  __TI_auto_init_nobinit_nopinit
00002675  sprintf                       
000026f5  _c_int00_noargs               
00002729  __aeabi_i2d                   
00002757  memccpy                       
00002773  copysign                      
00002773  copysignl                     
000027a5  strchr                        
000027bb  strlen                        
000027cf  wcslen                        
000027e1  __TI_decompress_none          
000027ef  Reset_Handler                 
000027fb  ADC14_IRQHandler              
000027fb  AES256_IRQHandler             
000027fb  BusFault_Handler              
000027fb  COMP_E0_IRQHandler            
000027fb  COMP_E1_IRQHandler            
000027fb  CS_IRQHandler                 
000027fb  DMA_ERR_IRQHandler            
000027fb  DMA_INT0_IRQHandler           
000027fb  DMA_INT1_IRQHandler           
000027fb  DMA_INT2_IRQHandler           
000027fb  DMA_INT3_IRQHandler           
000027fb  DebugMon_Handler              
000027fb  Default_Handler               
000027fb  EUSCIA0_IRQHandler            
000027fb  EUSCIA1_IRQHandler            
000027fb  EUSCIA2_IRQHandler            
000027fb  EUSCIA3_IRQHandler            
000027fb  EUSCIB0_IRQHandler            
000027fb  EUSCIB1_IRQHandler            
000027fb  EUSCIB2_IRQHandler            
000027fb  EUSCIB3_IRQHandler            
000027fb  FLCTL_A_IRQHandler            
000027fb  FPU_IRQHandler                
000027fb  HardFault_Handler             
000027fb  LCD_F_IRQHandler              
000027fb  MemManage_Handler             
000027fb  NMI_Handler                   
000027fb  PCM_IRQHandler                
000027fb  PORT1_IRQHandler              
000027fb  PORT2_IRQHandler              
000027fb  PORT3_IRQHandler              
000027fb  PORT4_IRQHandler              
000027fb  PORT6_IRQHandler              
000027fb  PSS_IRQHandler                
000027fb  PendSV_Handler                
000027fb  RTC_C_IRQHandler              
000027fb  SVC_Handler                   
000027fb  SysTick_Handler               
000027fb  T32_INT1_IRQHandler           
000027fb  T32_INT2_IRQHandler           
000027fb  T32_INTC_IRQHandler           
000027fb  TA0_0_IRQHandler              
000027fb  TA0_N_IRQHandler              
000027fb  TA1_0_IRQHandler              
000027fb  TA1_N_IRQHandler              
000027fb  TA2_0_IRQHandler              
000027fb  TA2_N_IRQHandler              
000027fb  TA3_0_IRQHandler              
000027fb  TA3_N_IRQHandler              
000027fb  UsageFault_Handler            
000027fb  WDT_A_IRQHandler              
00002809  __aeabi_errno_addr            
00002811  _system_pre_init              
00002815  C$$EXIT                       
00002815  abort                         
00002818  _ctypes_                      
00002938  __TI_Handler_Table_Base       
00002940  __TI_CINIT_Base               
00002940  __TI_Handler_Table_Limit      
00002948  __TI_CINIT_Limit              
20000000  __start___llvm_prf_cnts       
20000000  __stop___llvm_prf_cnts        
20000000  systemStatus                  
20000001  debug_byte_received           
20000004  debug_bit_count               
20000008  tmsHighCount                  
2000000c  bitCount                      
20000010  shiftedByte                   
20000014  streamBitCount                
20000018  lastCommand                   
2000001c  tapState                      
20000020  eraseSequenceState            
20000024  errno                         
20000028  SystemCoreClock               
2003fe00  __stack                       
20040000  __STACK_END                   
4000480c  WDTCTL_SYM                    
ffffffff  __TI_pprof_out_hndl           
ffffffff  __TI_prof_data_size           
ffffffff  __TI_prof_data_start          
ffffffff  __binit__                     
ffffffff  __c_args__                    
ffffffff  binit                         
UNDEFED   __mpu_init                    
UNDEFED   _system_post_cinit            

[141 symbols]
