******************************************************************************
                  TI ARM Linker Unix v20.2.7                   
******************************************************************************
>> Linked Fri Feb 13 11:22:25 2026

OUTPUT FILE NAME:   <JTAG_Emulator.out>
ENTRY POINT SYMBOL: "_c_int00_noargs"  address: 000027e9


MEMORY CONFIGURATION

         name            origin    length      used     unused   attr    fill
----------------------  --------  ---------  --------  --------  ----  --------
  MAIN                  00000000   00200000  00002a35  001fd5cb  R  X
  INFO                  00200000   00008000  00000000  00008000  R  X
  SRAM_CODE             01000000   00040000  00000224  0003fddc  RW X
  SRAM_DATA             20000000   00040000  00000224  0003fddc  RW  


SEGMENT ALLOCATION MAP

run origin  load origin   length   init length attrs members
----------  ----------- ---------- ----------- ----- -------
00000000    00000000    00002a38   00002a38    r-x
  00000000    00000000    000000e8   000000e8    r-- .intvecs
  000000e8    000000e8    00002824   00002824    r-x .text
  0000290c    0000290c    00000101   00000101    r-- .const
  00002a10    00002a10    00000028   00000028    r-- .cinit
20000000    20000000    00000024   00000000    rw-
  20000000    20000000    00000024   00000000    rw- .data
2003fe00    2003fe00    00000200   00000000    rw-
  2003fe00    2003fe00    00000200   00000000    rw- .stack


SECTION ALLOCATION MAP

 output                                  attributes/
section   page    origin      length       input sections
--------  ----  ----------  ----------   ----------------
.intvecs   0    00000000    000000e8     
                  00000000    000000e8     startup_msp432p4111_ccs.obj (.intvecs:retain)

.text      0    000000e8    00002824     
                  000000e8    00000a4e     rtsv7M4_T_le_v4SPD16_eabi.lib : _printfi.c.obj (.text:__TI_printfi)
                  00000b36    00000002                                   : div0.asm.obj (.text)
                  00000b38    000006cc     main.obj (.text)
                  00001204    00000350     system_msp432p4111.obj (.text)
                  00001554    00000270     rtsv7M4_T_le_v4SPD16_eabi.lib : _printfi.c.obj (.text:_pconv_a)
                  000017c4    000001d0                                   : _printfi.c.obj (.text:_pconv_g)
                  00001994    000001b6                                   : fd_add_t2.asm.obj (.text)
                  00001b4a    00000002     --HOLE-- [fill = 0]
                  00001b4c    0000013c                                   : _printfi.c.obj (.text:_pconv_e)
                  00001c88    00000136                                   : fd_div_t2.asm.obj (.text)
                  00001dbe    00000002     --HOLE-- [fill = 0]
                  00001dc0    00000124                                   : _printfi.c.obj (.text:fcvt)
                  00001ee4    00000110                                   : s_scalbn.c.obj (.text:scalbn)
                  00001ff4    000000fc                                   : fd_mul_t2.asm.obj (.text)
                  000020f0    000000b1                                   : _printfi.c.obj (.text:_ltostr)
                  000021a1    00000001     --HOLE-- [fill = 0]
                  000021a2    0000009c                                   : memcpy_t2.asm.obj (.text)
                  0000223e    00000096                                   : ull_div_t2.asm.obj (.text)
                  000022d4    00000086                                   : fd_cmp_t2.asm.obj (.text:__aeabi_cdcmple)
                  0000235a    00000086                                   : fd_cmp_t2.asm.obj (.text:__aeabi_cdrcmple)
                  000023e0    0000007a                                   : memset_t2.asm.obj (.text)
                  0000245a    0000006e                                   : _printfi.c.obj (.text:_mcpy)
                  000024c8    00000068                                   : copy_decompress_lzss.c.obj (.text:decompress:lzss:__TI_decompress_lzss)
                  00002530    00000064                                   : s_frexp.c.obj (.text:frexp)
                  00002594    00000056                                   : _printfi.c.obj (.text:_pconv_f)
                  000025ea    00000054                                   : _ltoa.c.obj (.text:__TI_ltoa)
                  0000263e    00000052                                   : _printfi.c.obj (.text:_ecpy)
                  00002690    0000004c                                   : atoi.c.obj (.text:atoi)
                  000026dc    00000048                                   : fd_toi_t2.asm.obj (.text)
                  00002724    00000044                                   : autoinit.c.obj (.text:__TI_auto_init_nobinit_nopinit:__TI_auto_init_nobinit_nopinit)
                  00002768    00000040                                   : sprintf.c.obj (.text:sprintf)
                  000027a8    0000003e                                   : _printfi.c.obj (.text:_fcpy)
                  000027e6    00000002     --HOLE-- [fill = 0]
                  000027e8    00000034                                   : boot_cortex_m.c.obj (.text:_c_int00_noargs:_c_int00_noargs)
                  0000281c    0000002e                                   : i_tofd_t2.asm.obj (.text)
                  0000284a    0000001c                                   : memccpy.c.obj (.text:memccpy)
                  00002866    0000001a                                   : s_copysign.c.obj (.text:copysign)
                  00002880    00000018                                   : sprintf.c.obj (.text:_outs)
                  00002898    00000016                                   : strchr.c.obj (.text:strchr)
                  000028ae    00000014                                   : strlen.c.obj (.text:strlen)
                  000028c2    00000012                                   : wcslen.c.obj (.text:wcslen)
                  000028d4    0000000e                                   : copy_decompress_none.c.obj (.text:decompress:none:__TI_decompress_none)
                  000028e2    0000000e     startup_msp432p4111_ccs.obj (.text)
                  000028f0    0000000a     rtsv7M4_T_le_v4SPD16_eabi.lib : sprintf.c.obj (.text:_outc)
                  000028fa    00000002     --HOLE-- [fill = 0]
                  000028fc    00000008                                   : errno.c.obj (.text:__aeabi_errno_addr)
                  00002904    00000004                                   : pre_init.c.obj (.text:_system_pre_init)
                  00002908    00000004                                   : exit.c.obj (.text:abort:abort)

.const     0    0000290c    00000101     
                  0000290c    00000101     rtsv7M4_T_le_v4SPD16_eabi.lib : ctype.c.obj (.const:.string:_ctypes_)

.cinit     0    00002a10    00000028     
                  00002a10    00000016     (.cinit..data.load) [load image, compression = lzss]
                  00002a26    00000002     --HOLE-- [fill = 0]
                  00002a28    00000008     (__TI_handler_table)
                  00002a30    00000008     (__TI_cinit_table)

.init_array 
*          0    00000000    00000000     UNINITIALIZED

.binit     0    00000000    00000000     

.data      0    20000000    00000024     UNINITIALIZED
                  20000000    0000001c     main.obj (.data)
                  2000001c    00000004     rtsv7M4_T_le_v4SPD16_eabi.lib : errno.c.obj (.data)
                  20000020    00000004     system_msp432p4111.obj (.data)

.stack     0    2003fe00    00000200     UNINITIALIZED
                  2003fe00    00000004     rtsv7M4_T_le_v4SPD16_eabi.lib : boot_cortex_m.c.obj (.stack)
                  2003fe04    000001fc     --HOLE--

__llvm_prf_cnts 
*          0    20000000    00000000     UNINITIALIZED

MODULE SUMMARY

       Module                        code    ro data   rw data
       ------                        ----    -------   -------
    ./
       main.obj                      1740    0         56     
       system_msp432p4111.obj        848     0         8      
       startup_msp432p4111_ccs.obj   14      232       0      
    +--+-----------------------------+-------+---------+---------+
       Total:                        2602    232       64     
                                                              
    /home/bscholt17/ti/ccs1250/ccs/tools/compiler/ti-cgt-arm_20.2.7.LTS/lib/rtsv7M4_T_le_v4SPD16_eabi.lib
       _printfi.c.obj                4851    0         0      
       fd_add_t2.asm.obj             438     0         0      
       fd_div_t2.asm.obj             310     0         0      
       s_scalbn.c.obj                272     0         0      
       fd_cmp_t2.asm.obj             268     0         0      
       ctype.c.obj                   0       257       0      
       fd_mul_t2.asm.obj             252     0         0      
       memcpy_t2.asm.obj             156     0         0      
       ull_div_t2.asm.obj            150     0         0      
       memset_t2.asm.obj             122     0         0      
       copy_decompress_lzss.c.obj    104     0         0      
       s_frexp.c.obj                 100     0         0      
       sprintf.c.obj                 98      0         0      
       _ltoa.c.obj                   84      0         0      
       atoi.c.obj                    76      0         0      
       fd_toi_t2.asm.obj             72      0         0      
       autoinit.c.obj                68      0         0      
       boot_cortex_m.c.obj           52      0         0      
       i_tofd_t2.asm.obj             46      0         0      
       memccpy.c.obj                 28      0         0      
       s_copysign.c.obj              26      0         0      
       strchr.c.obj                  22      0         0      
       strlen.c.obj                  20      0         0      
       wcslen.c.obj                  18      0         0      
       errno.c.obj                   8       0         8      
       copy_decompress_none.c.obj    14      0         0      
       exit.c.obj                    4       0         0      
       pre_init.c.obj                4       0         0      
       div0.asm.obj                  2       0         0      
    +--+-----------------------------+-------+---------+---------+
       Total:                        7665    257       8      
                                                              
       Stack:                        0       0         1024   
       Linker Generated:             0       38        0      
    +--+-----------------------------+-------+---------+---------+
       Grand Total:                  10267   527       1096   


LINKER GENERATED COPY TABLES

__TI_cinit_table @ 00002a30 records: 1, size/record: 8, table size: 8
	.data: load addr=00002a10, load size=00000016 bytes, run addr=20000000, run size=00000024 bytes, compression=lzss


LINKER GENERATED HANDLER TABLE

__TI_handler_table @ 00002a28 records: 2, size/record: 4, table size: 8
	index: 0, handler: __TI_decompress_lzss
	index: 1, handler: __TI_decompress_none


GLOBAL SYMBOLS: SORTED ALPHABETICALLY BY Name 

address   name                          
-------   ----                          
000028ef  ADC14_IRQHandler              
000028ef  AES256_IRQHandler             
000028ef  BusFault_Handler              
00002909  C$$EXIT                       
000028ef  COMP_E0_IRQHandler            
000028ef  COMP_E1_IRQHandler            
000028ef  CS_IRQHandler                 
000028ef  DMA_ERR_IRQHandler            
000028ef  DMA_INT0_IRQHandler           
000028ef  DMA_INT1_IRQHandler           
000028ef  DMA_INT2_IRQHandler           
000028ef  DMA_INT3_IRQHandler           
000028ef  DebugMon_Handler              
000028ef  Default_Handler               
000028ef  EUSCIA0_IRQHandler            
000028ef  EUSCIA1_IRQHandler            
000028ef  EUSCIA2_IRQHandler            
000028ef  EUSCIA3_IRQHandler            
000028ef  EUSCIB0_IRQHandler            
000028ef  EUSCIB1_IRQHandler            
000028ef  EUSCIB2_IRQHandler            
000028ef  EUSCIB3_IRQHandler            
000028ef  FLCTL_A_IRQHandler            
000028ef  FPU_IRQHandler                
000028ef  HardFault_Handler             
000028ef  LCD_F_IRQHandler              
000028ef  MemManage_Handler             
000028ef  NMI_Handler                   
000028ef  PCM_IRQHandler                
000028ef  PORT1_IRQHandler              
000028ef  PORT2_IRQHandler              
000028ef  PORT3_IRQHandler              
000028ef  PORT4_IRQHandler              
00000e25  PORT5_IRQHandler              
00000e25  PORT5_IRQHandler              
000028ef  PORT6_IRQHandler              
000028ef  PSS_IRQHandler                
000028ef  PendSV_Handler                
00000bbb  Print_Hex                     
00000bdb  Print_Int                     
000028ef  RTC_C_IRQHandler              
000028e3  Reset_Handler                 
000028ef  SVC_Handler                   
000028ef  SysTick_Handler               
20000020  SystemCoreClock               
00001205  SystemCoreClockUpdate         
0000147d  SystemInit                    
000028ef  T32_INT1_IRQHandler           
000028ef  T32_INT2_IRQHandler           
000028ef  T32_INTC_IRQHandler           
000028ef  TA0_0_IRQHandler              
000028ef  TA0_N_IRQHandler              
000028ef  TA1_0_IRQHandler              
000028ef  TA1_N_IRQHandler              
000028ef  TA2_0_IRQHandler              
000028ef  TA2_N_IRQHandler              
000028ef  TA3_0_IRQHandler              
000028ef  TA3_N_IRQHandler              
00000b39  UART_Init                     
00000b93  UART_Print                    
000028ef  UsageFault_Handler            
4000480c  WDTCTL_SYM                    
000028ef  WDT_A_IRQHandler              
20040000  __STACK_END                   
00000200  __STACK_SIZE                  
00002a30  __TI_CINIT_Base               
00002a38  __TI_CINIT_Limit              
00002a28  __TI_Handler_Table_Base       
00002a30  __TI_Handler_Table_Limit      
00002725  __TI_auto_init_nobinit_nopinit
000024c9  __TI_decompress_lzss          
000028d5  __TI_decompress_none          
000025eb  __TI_ltoa                     
ffffffff  __TI_pprof_out_hndl           
000000e9  __TI_printfi                  
ffffffff  __TI_prof_data_size           
ffffffff  __TI_prof_data_start          
00000000  __TI_static_base__            
000022d5  __aeabi_cdcmpeq               
000022d5  __aeabi_cdcmple               
0000235b  __aeabi_cdrcmple              
000026dd  __aeabi_d2iz                  
0000199f  __aeabi_dadd                  
00001c89  __aeabi_ddiv                  
00001ff5  __aeabi_dmul                  
00001995  __aeabi_dsub                  
000028fd  __aeabi_errno_addr            
0000281d  __aeabi_i2d                   
00000b37  __aeabi_idiv0                 
00000b37  __aeabi_ldiv0                 
000023e1  __aeabi_memclr                
000023e1  __aeabi_memclr4               
000023e1  __aeabi_memclr8               
000021a3  __aeabi_memcpy                
000021a3  __aeabi_memcpy4               
000021a3  __aeabi_memcpy8               
000023e3  __aeabi_memset                
000023e3  __aeabi_memset4               
000023e3  __aeabi_memset8               
0000223f  __aeabi_uldivmod              
ffffffff  __binit__                     
ffffffff  __c_args__                    
UNDEFED   __mpu_init                    
2003fe00  __stack                       
20000000  __start___llvm_prf_cnts       
20000000  __stop___llvm_prf_cnts        
000027e9  _c_int00_noargs               
0000290c  _ctypes_                      
UNDEFED   _system_post_cinit            
00002905  _system_pre_init              
00002909  abort                         
00002691  atoi                          
ffffffff  binit                         
2000000c  bitIdx                        
00002867  copysign                      
00002867  copysignl                     
20000004  debug_bits                    
20000002  debug_byte                    
20000018  eraseStage                    
2000001c  errno                         
00002531  frexp                         
00002531  frexpl                        
00000000  interruptVectors              
20000010  lastCmd                       
00001ee5  ldexp                         
00001ee5  ldexpl                        
00000bf7  main                          
0000284b  memccpy                       
000021a3  memcpy                        
000023e9  memset                        
00001ee5  scalbn                        
00001ee5  scalbnl                       
20000008  shiftReg                      
00002769  sprintf                       
00002899  strchr                        
20000014  streamCount                   
000028af  strlen                        
20000001  sysStatus                     
20000000  tapState                      
000028c3  wcslen                        


GLOBAL SYMBOLS: SORTED BY Symbol Address 

address   name                          
-------   ----                          
00000000  __TI_static_base__            
00000000  interruptVectors              
000000e9  __TI_printfi                  
00000200  __STACK_SIZE                  
00000b37  __aeabi_idiv0                 
00000b37  __aeabi_ldiv0                 
00000b39  UART_Init                     
00000b93  UART_Print                    
00000bbb  Print_Hex                     
00000bdb  Print_Int                     
00000bf7  main                          
00000e25  PORT5_IRQHandler              
00000e25  PORT5_IRQHandler              
00001205  SystemCoreClockUpdate         
0000147d  SystemInit                    
00001995  __aeabi_dsub                  
0000199f  __aeabi_dadd                  
00001c89  __aeabi_ddiv                  
00001ee5  ldexp                         
00001ee5  ldexpl                        
00001ee5  scalbn                        
00001ee5  scalbnl                       
00001ff5  __aeabi_dmul                  
000021a3  __aeabi_memcpy                
000021a3  __aeabi_memcpy4               
000021a3  __aeabi_memcpy8               
000021a3  memcpy                        
0000223f  __aeabi_uldivmod              
000022d5  __aeabi_cdcmpeq               
000022d5  __aeabi_cdcmple               
0000235b  __aeabi_cdrcmple              
000023e1  __aeabi_memclr                
000023e1  __aeabi_memclr4               
000023e1  __aeabi_memclr8               
000023e3  __aeabi_memset                
000023e3  __aeabi_memset4               
000023e3  __aeabi_memset8               
000023e9  memset                        
000024c9  __TI_decompress_lzss          
00002531  frexp                         
00002531  frexpl                        
000025eb  __TI_ltoa                     
00002691  atoi                          
000026dd  __aeabi_d2iz                  
00002725  __TI_auto_init_nobinit_nopinit
00002769  sprintf                       
000027e9  _c_int00_noargs               
0000281d  __aeabi_i2d                   
0000284b  memccpy                       
00002867  copysign                      
00002867  copysignl                     
00002899  strchr                        
000028af  strlen                        
000028c3  wcslen                        
000028d5  __TI_decompress_none          
000028e3  Reset_Handler                 
000028ef  ADC14_IRQHandler              
000028ef  AES256_IRQHandler             
000028ef  BusFault_Handler              
000028ef  COMP_E0_IRQHandler            
000028ef  COMP_E1_IRQHandler            
000028ef  CS_IRQHandler                 
000028ef  DMA_ERR_IRQHandler            
000028ef  DMA_INT0_IRQHandler           
000028ef  DMA_INT1_IRQHandler           
000028ef  DMA_INT2_IRQHandler           
000028ef  DMA_INT3_IRQHandler           
000028ef  DebugMon_Handler              
000028ef  Default_Handler               
000028ef  EUSCIA0_IRQHandler            
000028ef  EUSCIA1_IRQHandler            
000028ef  EUSCIA2_IRQHandler            
000028ef  EUSCIA3_IRQHandler            
000028ef  EUSCIB0_IRQHandler            
000028ef  EUSCIB1_IRQHandler            
000028ef  EUSCIB2_IRQHandler            
000028ef  EUSCIB3_IRQHandler            
000028ef  FLCTL_A_IRQHandler            
000028ef  FPU_IRQHandler                
000028ef  HardFault_Handler             
000028ef  LCD_F_IRQHandler              
000028ef  MemManage_Handler             
000028ef  NMI_Handler                   
000028ef  PCM_IRQHandler                
000028ef  PORT1_IRQHandler              
000028ef  PORT2_IRQHandler              
000028ef  PORT3_IRQHandler              
000028ef  PORT4_IRQHandler              
000028ef  PORT6_IRQHandler              
000028ef  PSS_IRQHandler                
000028ef  PendSV_Handler                
000028ef  RTC_C_IRQHandler              
000028ef  SVC_Handler                   
000028ef  SysTick_Handler               
000028ef  T32_INT1_IRQHandler           
000028ef  T32_INT2_IRQHandler           
000028ef  T32_INTC_IRQHandler           
000028ef  TA0_0_IRQHandler              
000028ef  TA0_N_IRQHandler              
000028ef  TA1_0_IRQHandler              
000028ef  TA1_N_IRQHandler              
000028ef  TA2_0_IRQHandler              
000028ef  TA2_N_IRQHandler              
000028ef  TA3_0_IRQHandler              
000028ef  TA3_N_IRQHandler              
000028ef  UsageFault_Handler            
000028ef  WDT_A_IRQHandler              
000028fd  __aeabi_errno_addr            
00002905  _system_pre_init              
00002909  C$$EXIT                       
00002909  abort                         
0000290c  _ctypes_                      
00002a28  __TI_Handler_Table_Base       
00002a30  __TI_CINIT_Base               
00002a30  __TI_Handler_Table_Limit      
00002a38  __TI_CINIT_Limit              
20000000  __start___llvm_prf_cnts       
20000000  __stop___llvm_prf_cnts        
20000000  tapState                      
20000001  sysStatus                     
20000002  debug_byte                    
20000004  debug_bits                    
20000008  shiftReg                      
2000000c  bitIdx                        
20000010  lastCmd                       
20000014  streamCount                   
20000018  eraseStage                    
2000001c  errno                         
20000020  SystemCoreClock               
2003fe00  __stack                       
20040000  __STACK_END                   
4000480c  WDTCTL_SYM                    
ffffffff  __TI_pprof_out_hndl           
ffffffff  __TI_prof_data_size           
ffffffff  __TI_prof_data_start          
ffffffff  __binit__                     
ffffffff  __c_args__                    
ffffffff  binit                         
UNDEFED   __mpu_init                    
UNDEFED   _system_post_cinit            

[140 symbols]
