******************************************************************************
                  TI ARM Linker Unix v20.2.7                   
******************************************************************************
>> Linked Thu Feb 19 18:34:14 2026

OUTPUT FILE NAME:   <JTAG_Emulator.out>
ENTRY POINT SYMBOL: "_c_int00_noargs"  address: 00002d6d


MEMORY CONFIGURATION

         name            origin    length      used     unused   attr    fill
----------------------  --------  ---------  --------  --------  ----  --------
  MAIN                  00000000   00200000  00002fed  001fd013  R  X
  INFO                  00200000   00008000  00000000  00008000  R  X
  SRAM_CODE             01000000   00040000  0000026c  0003fd94  RW X
  SRAM_DATA             20000000   00040000  0000026c  0003fd94  RW  


SEGMENT ALLOCATION MAP

run origin  load origin   length   init length attrs members
----------  ----------- ---------- ----------- ----- -------
00000000    00000000    00002ff0   00002ff0    r-x
  00000000    00000000    000000e8   000000e8    r-- .intvecs
  000000e8    000000e8    00002dc4   00002dc4    r-x .text
  00002eac    00002eac    00000101   00000101    r-- .const
  00002fb0    00002fb0    00000040   00000040    r-- .cinit
20000000    20000000    0000006c   00000000    rw-
  20000000    20000000    00000040   00000000    rw- .bss
  20000040    20000040    0000002c   00000000    rw- .data
2003fe00    2003fe00    00000200   00000000    rw-
  2003fe00    2003fe00    00000200   00000000    rw- .stack


SECTION ALLOCATION MAP

 output                                  attributes/
section   page    origin      length       input sections
--------  ----  ----------  ----------   ----------------
.intvecs   0    00000000    000000e8     
                  00000000    000000e8     startup_msp432p4111_ccs.obj (.intvecs:retain)

.text      0    000000e8    00002dc4     
                  000000e8    00000c50     main.obj (.text)
                  00000d38    00000a4e     rtsv7M4_T_le_v4SPD16_eabi.lib : _printfi.c.obj (.text:__TI_printfi)
                  00001786    00000002                                   : div0.asm.obj (.text)
                  00001788    00000350     system_msp432p4111.obj (.text)
                  00001ad8    00000270     rtsv7M4_T_le_v4SPD16_eabi.lib : _printfi.c.obj (.text:_pconv_a)
                  00001d48    000001d0                                   : _printfi.c.obj (.text:_pconv_g)
                  00001f18    000001b6                                   : fd_add_t2.asm.obj (.text)
                  000020ce    00000002     --HOLE-- [fill = 0]
                  000020d0    0000013c                                   : _printfi.c.obj (.text:_pconv_e)
                  0000220c    00000136                                   : fd_div_t2.asm.obj (.text)
                  00002342    00000002     --HOLE-- [fill = 0]
                  00002344    00000124                                   : _printfi.c.obj (.text:fcvt)
                  00002468    00000110                                   : s_scalbn.c.obj (.text:scalbn)
                  00002578    000000fc                                   : fd_mul_t2.asm.obj (.text)
                  00002674    000000b1                                   : _printfi.c.obj (.text:_ltostr)
                  00002725    00000001     --HOLE-- [fill = 0]
                  00002726    0000009c                                   : memcpy_t2.asm.obj (.text)
                  000027c2    00000096                                   : ull_div_t2.asm.obj (.text)
                  00002858    00000086                                   : fd_cmp_t2.asm.obj (.text:__aeabi_cdcmple)
                  000028de    00000086                                   : fd_cmp_t2.asm.obj (.text:__aeabi_cdrcmple)
                  00002964    0000007a                                   : memset_t2.asm.obj (.text)
                  000029de    0000006e                                   : _printfi.c.obj (.text:_mcpy)
                  00002a4c    00000068                                   : copy_decompress_lzss.c.obj (.text:decompress:lzss:__TI_decompress_lzss)
                  00002ab4    00000064                                   : s_frexp.c.obj (.text:frexp)
                  00002b18    00000056                                   : _printfi.c.obj (.text:_pconv_f)
                  00002b6e    00000054                                   : _ltoa.c.obj (.text:__TI_ltoa)
                  00002bc2    00000052                                   : _printfi.c.obj (.text:_ecpy)
                  00002c14    0000004c                                   : atoi.c.obj (.text:atoi)
                  00002c60    00000048                                   : fd_toi_t2.asm.obj (.text)
                  00002ca8    00000044                                   : autoinit.c.obj (.text:__TI_auto_init_nobinit_nopinit:__TI_auto_init_nobinit_nopinit)
                  00002cec    00000040                                   : sprintf.c.obj (.text:sprintf)
                  00002d2c    0000003e                                   : _printfi.c.obj (.text:_fcpy)
                  00002d6a    00000002     --HOLE-- [fill = 0]
                  00002d6c    00000034                                   : boot_cortex_m.c.obj (.text:_c_int00_noargs:_c_int00_noargs)
                  00002da0    0000002e                                   : i_tofd_t2.asm.obj (.text)
                  00002dce    0000001c                                   : copy_zero_init.c.obj (.text:decompress:ZI:__TI_zero_init_nomemset:__TI_zero_init_nomemset)
                  00002dea    0000001c                                   : memccpy.c.obj (.text:memccpy)
                  00002e06    0000001a                                   : s_copysign.c.obj (.text:copysign)
                  00002e20    00000018                                   : sprintf.c.obj (.text:_outs)
                  00002e38    00000016                                   : strchr.c.obj (.text:strchr)
                  00002e4e    00000014                                   : strlen.c.obj (.text:strlen)
                  00002e62    00000012                                   : wcslen.c.obj (.text:wcslen)
                  00002e74    0000000e                                   : copy_decompress_none.c.obj (.text:decompress:none:__TI_decompress_none)
                  00002e82    0000000e     startup_msp432p4111_ccs.obj (.text)
                  00002e90    0000000a     rtsv7M4_T_le_v4SPD16_eabi.lib : sprintf.c.obj (.text:_outc)
                  00002e9a    00000002     --HOLE-- [fill = 0]
                  00002e9c    00000008                                   : errno.c.obj (.text:__aeabi_errno_addr)
                  00002ea4    00000004                                   : pre_init.c.obj (.text:_system_pre_init)
                  00002ea8    00000004                                   : exit.c.obj (.text:abort:abort)

.const     0    00002eac    00000101     
                  00002eac    00000101     rtsv7M4_T_le_v4SPD16_eabi.lib : ctype.c.obj (.const:.string:_ctypes_)

.cinit     0    00002fb0    00000040     
                  00002fb0    0000001c     (.cinit..data.load) [load image, compression = lzss]
                  00002fcc    0000000c     (__TI_handler_table)
                  00002fd8    00000008     (.cinit..bss.load) [load image, compression = zero_init]
                  00002fe0    00000010     (__TI_cinit_table)

.init_array 
*          0    00000000    00000000     UNINITIALIZED

.binit     0    00000000    00000000     

.bss       0    20000000    00000040     UNINITIALIZED
                  20000000    00000040     (.common:eventQueue)

.data      0    20000040    0000002c     UNINITIALIZED
                  20000040    00000024     main.obj (.data)
                  20000064    00000004     rtsv7M4_T_le_v4SPD16_eabi.lib : errno.c.obj (.data)
                  20000068    00000004     system_msp432p4111.obj (.data)

.stack     0    2003fe00    00000200     UNINITIALIZED
                  2003fe00    00000004     rtsv7M4_T_le_v4SPD16_eabi.lib : boot_cortex_m.c.obj (.stack)
                  2003fe04    000001fc     --HOLE--

__llvm_prf_cnts 
*          0    20000000    00000000     UNINITIALIZED

MODULE SUMMARY

       Module                        code    ro data   rw data
       ------                        ----    -------   -------
    ./
       main.obj                      3152    0         200    
       system_msp432p4111.obj        848     0         8      
       startup_msp432p4111_ccs.obj   14      232       0      
    +--+-----------------------------+-------+---------+---------+
       Total:                        4014    232       208    
                                                              
    /home/bscholt17/ti/ccs1250/ccs/tools/compiler/ti-cgt-arm_20.2.7.LTS/lib/rtsv7M4_T_le_v4SPD16_eabi.lib
       _printfi.c.obj                4851    0         0      
       fd_add_t2.asm.obj             438     0         0      
       fd_div_t2.asm.obj             310     0         0      
       s_scalbn.c.obj                272     0         0      
       fd_cmp_t2.asm.obj             268     0         0      
       ctype.c.obj                   0       257       0      
       fd_mul_t2.asm.obj             252     0         0      
       memcpy_t2.asm.obj             156     0         0      
       ull_div_t2.asm.obj            150     0         0      
       memset_t2.asm.obj             122     0         0      
       copy_decompress_lzss.c.obj    104     0         0      
       s_frexp.c.obj                 100     0         0      
       sprintf.c.obj                 98      0         0      
       _ltoa.c.obj                   84      0         0      
       atoi.c.obj                    76      0         0      
       fd_toi_t2.asm.obj             72      0         0      
       autoinit.c.obj                68      0         0      
       boot_cortex_m.c.obj           52      0         0      
       i_tofd_t2.asm.obj             46      0         0      
       copy_zero_init.c.obj          28      0         0      
       memccpy.c.obj                 28      0         0      
       s_copysign.c.obj              26      0         0      
       strchr.c.obj                  22      0         0      
       strlen.c.obj                  20      0         0      
       wcslen.c.obj                  18      0         0      
       errno.c.obj                   8       0         8      
       copy_decompress_none.c.obj    14      0         0      
       exit.c.obj                    4       0         0      
       pre_init.c.obj                4       0         0      
       div0.asm.obj                  2       0         0      
    +--+-----------------------------+-------+---------+---------+
       Total:                        7693    257       8      
                                                              
       Stack:                        0       0         1024   
       Linker Generated:             0       64        0      
    +--+-----------------------------+-------+---------+---------+
       Grand Total:                  11707   553       1240   


LINKER GENERATED COPY TABLES

__TI_cinit_table @ 00002fe0 records: 2, size/record: 8, table size: 16
	.data: load addr=00002fb0, load size=0000001c bytes, run addr=20000040, run size=0000002c bytes, compression=lzss
	.bss: load addr=00002fd8, load size=00000008 bytes, run addr=20000000, run size=00000040 bytes, compression=zero_init


LINKER GENERATED HANDLER TABLE

__TI_handler_table @ 00002fcc records: 3, size/record: 4, table size: 12
	index: 0, handler: __TI_decompress_lzss
	index: 1, handler: __TI_decompress_none
	index: 2, handler: __TI_zero_init


GLOBAL SYMBOLS: SORTED ALPHABETICALLY BY Name 

address   name                          
-------   ----                          
00002e8f  ADC14_IRQHandler              
00002e8f  AES256_IRQHandler             
00002e8f  BusFault_Handler              
00002ea9  C$$EXIT                       
00002e8f  COMP_E0_IRQHandler            
00002e8f  COMP_E1_IRQHandler            
00002e8f  CS_IRQHandler                 
00002e8f  DMA_ERR_IRQHandler            
00002e8f  DMA_INT0_IRQHandler           
00002e8f  DMA_INT1_IRQHandler           
00002e8f  DMA_INT2_IRQHandler           
00002e8f  DMA_INT3_IRQHandler           
00002e8f  DebugMon_Handler              
00002e8f  Default_Handler               
0000012b  Dequeue                       
00002e8f  EUSCIA0_IRQHandler            
00002e8f  EUSCIA1_IRQHandler            
00002e8f  EUSCIA2_IRQHandler            
00002e8f  EUSCIA3_IRQHandler            
00002e8f  EUSCIB0_IRQHandler            
00002e8f  EUSCIB1_IRQHandler            
00002e8f  EUSCIB2_IRQHandler            
00002e8f  EUSCIB3_IRQHandler            
000000e9  Enqueue                       
00002e8f  FLCTL_A_IRQHandler            
00002e8f  FPU_IRQHandler                
00002e8f  HardFault_Handler             
00002e8f  LCD_F_IRQHandler              
00002e8f  MemManage_Handler             
00002e8f  NMI_Handler                   
00002e8f  PCM_IRQHandler                
00002e8f  PORT1_IRQHandler              
00002e8f  PORT2_IRQHandler              
00002e8f  PORT3_IRQHandler              
00002e8f  PORT4_IRQHandler              
000007b9  PORT5_IRQHandler              
000007b9  PORT5_IRQHandler              
00002e8f  PORT6_IRQHandler              
00002e8f  PSS_IRQHandler                
00002e8f  PendSV_Handler                
0000021b  Print_Hex                     
0000023b  Print_Int                     
00002e8f  RTC_C_IRQHandler              
00002e83  Reset_Handler                 
00002e8f  SVC_Handler                   
00002e8f  SysTick_Handler               
20000068  SystemCoreClock               
00001789  SystemCoreClockUpdate         
00001a01  SystemInit                    
00000169  System_Clock_Init_48MHz       
00002e8f  T32_INT1_IRQHandler           
00002e8f  T32_INT2_IRQHandler           
00002e8f  T32_INTC_IRQHandler           
00002e8f  TA0_0_IRQHandler              
00002e8f  TA0_N_IRQHandler              
00002e8f  TA1_0_IRQHandler              
00002e8f  TA1_N_IRQHandler              
00002e8f  TA2_0_IRQHandler              
00002e8f  TA2_N_IRQHandler              
00002e8f  TA3_0_IRQHandler              
00002e8f  TA3_N_IRQHandler              
000001b5  UART_Init                     
000001f3  UART_Print                    
00002e8f  UsageFault_Handler            
4000480c  WDTCTL_SYM                    
00002e8f  WDT_A_IRQHandler              
20040000  __STACK_END                   
00000200  __STACK_SIZE                  
00002fe0  __TI_CINIT_Base               
00002ff0  __TI_CINIT_Limit              
00002fcc  __TI_Handler_Table_Base       
00002fd8  __TI_Handler_Table_Limit      
00002ca9  __TI_auto_init_nobinit_nopinit
00002a4d  __TI_decompress_lzss          
00002e75  __TI_decompress_none          
00002b6f  __TI_ltoa                     
ffffffff  __TI_pprof_out_hndl           
00000d39  __TI_printfi                  
ffffffff  __TI_prof_data_size           
ffffffff  __TI_prof_data_start          
00000000  __TI_static_base__            
00002dcf  __TI_zero_init_nomemset       
00002859  __aeabi_cdcmpeq               
00002859  __aeabi_cdcmple               
000028df  __aeabi_cdrcmple              
00002c61  __aeabi_d2iz                  
00001f23  __aeabi_dadd                  
0000220d  __aeabi_ddiv                  
00002579  __aeabi_dmul                  
00001f19  __aeabi_dsub                  
00002e9d  __aeabi_errno_addr            
00002da1  __aeabi_i2d                   
00001787  __aeabi_idiv0                 
00001787  __aeabi_ldiv0                 
00002965  __aeabi_memclr                
00002965  __aeabi_memclr4               
00002965  __aeabi_memclr8               
00002727  __aeabi_memcpy                
00002727  __aeabi_memcpy4               
00002727  __aeabi_memcpy8               
00002967  __aeabi_memset                
00002967  __aeabi_memset4               
00002967  __aeabi_memset8               
000027c3  __aeabi_uldivmod              
ffffffff  __binit__                     
ffffffff  __c_args__                    
UNDEFED   __mpu_init                    
2003fe00  __stack                       
20000000  __start___llvm_prf_cnts       
20000000  __stop___llvm_prf_cnts        
00002d6d  _c_int00_noargs               
00002eac  _ctypes_                      
UNDEFED   _system_post_cinit            
00002ea5  _system_pre_init              
00002ea9  abort                         
00002c15  atoi                          
ffffffff  binit                         
00002e07  copysign                      
00002e07  copysignl                     
20000044  diag_StreamBits               
20000042  diag_UnknownCmd               
2000004c  drShiftBuf                    
2000005e  erasePollCount                
20000064  errno                         
20000000  eventQueue                    
00002ab5  frexp                         
00002ab5  frexpl                        
20000040  head                          
00000000  interruptVectors              
2000004a  irShiftBuf                    
2000005d  isDone                        
2000005c  isEditMode                    
20000050  lastCmd                       
00002469  ldexp                         
00002469  ldexpl                        
000002a5  main                          
00002deb  memccpy                       
00002727  memcpy                        
0000296d  memset                        
20000049  protoState                    
00002469  scalbn                        
00002469  scalbnl                       
00002ced  sprintf                       
00002e39  strchr                        
20000054  streamCount                   
00002e4f  strlen                        
20000041  tail                          
20000048  tapState                      
20000058  tmsHighCount                  
00002e63  wcslen                        


GLOBAL SYMBOLS: SORTED BY Symbol Address 

address   name                          
-------   ----                          
00000000  __TI_static_base__            
00000000  interruptVectors              
000000e9  Enqueue                       
0000012b  Dequeue                       
00000169  System_Clock_Init_48MHz       
000001b5  UART_Init                     
000001f3  UART_Print                    
00000200  __STACK_SIZE                  
0000021b  Print_Hex                     
0000023b  Print_Int                     
000002a5  main                          
000007b9  PORT5_IRQHandler              
000007b9  PORT5_IRQHandler              
00000d39  __TI_printfi                  
00001787  __aeabi_idiv0                 
00001787  __aeabi_ldiv0                 
00001789  SystemCoreClockUpdate         
00001a01  SystemInit                    
00001f19  __aeabi_dsub                  
00001f23  __aeabi_dadd                  
0000220d  __aeabi_ddiv                  
00002469  ldexp                         
00002469  ldexpl                        
00002469  scalbn                        
00002469  scalbnl                       
00002579  __aeabi_dmul                  
00002727  __aeabi_memcpy                
00002727  __aeabi_memcpy4               
00002727  __aeabi_memcpy8               
00002727  memcpy                        
000027c3  __aeabi_uldivmod              
00002859  __aeabi_cdcmpeq               
00002859  __aeabi_cdcmple               
000028df  __aeabi_cdrcmple              
00002965  __aeabi_memclr                
00002965  __aeabi_memclr4               
00002965  __aeabi_memclr8               
00002967  __aeabi_memset                
00002967  __aeabi_memset4               
00002967  __aeabi_memset8               
0000296d  memset                        
00002a4d  __TI_decompress_lzss          
00002ab5  frexp                         
00002ab5  frexpl                        
00002b6f  __TI_ltoa                     
00002c15  atoi                          
00002c61  __aeabi_d2iz                  
00002ca9  __TI_auto_init_nobinit_nopinit
00002ced  sprintf                       
00002d6d  _c_int00_noargs               
00002da1  __aeabi_i2d                   
00002dcf  __TI_zero_init_nomemset       
00002deb  memccpy                       
00002e07  copysign                      
00002e07  copysignl                     
00002e39  strchr                        
00002e4f  strlen                        
00002e63  wcslen                        
00002e75  __TI_decompress_none          
00002e83  Reset_Handler                 
00002e8f  ADC14_IRQHandler              
00002e8f  AES256_IRQHandler             
00002e8f  BusFault_Handler              
00002e8f  COMP_E0_IRQHandler            
00002e8f  COMP_E1_IRQHandler            
00002e8f  CS_IRQHandler                 
00002e8f  DMA_ERR_IRQHandler            
00002e8f  DMA_INT0_IRQHandler           
00002e8f  DMA_INT1_IRQHandler           
00002e8f  DMA_INT2_IRQHandler           
00002e8f  DMA_INT3_IRQHandler           
00002e8f  DebugMon_Handler              
00002e8f  Default_Handler               
00002e8f  EUSCIA0_IRQHandler            
00002e8f  EUSCIA1_IRQHandler            
00002e8f  EUSCIA2_IRQHandler            
00002e8f  EUSCIA3_IRQHandler            
00002e8f  EUSCIB0_IRQHandler            
00002e8f  EUSCIB1_IRQHandler            
00002e8f  EUSCIB2_IRQHandler            
00002e8f  EUSCIB3_IRQHandler            
00002e8f  FLCTL_A_IRQHandler            
00002e8f  FPU_IRQHandler                
00002e8f  HardFault_Handler             
00002e8f  LCD_F_IRQHandler              
00002e8f  MemManage_Handler             
00002e8f  NMI_Handler                   
00002e8f  PCM_IRQHandler                
00002e8f  PORT1_IRQHandler              
00002e8f  PORT2_IRQHandler              
00002e8f  PORT3_IRQHandler              
00002e8f  PORT4_IRQHandler              
00002e8f  PORT6_IRQHandler              
00002e8f  PSS_IRQHandler                
00002e8f  PendSV_Handler                
00002e8f  RTC_C_IRQHandler              
00002e8f  SVC_Handler                   
00002e8f  SysTick_Handler               
00002e8f  T32_INT1_IRQHandler           
00002e8f  T32_INT2_IRQHandler           
00002e8f  T32_INTC_IRQHandler           
00002e8f  TA0_0_IRQHandler              
00002e8f  TA0_N_IRQHandler              
00002e8f  TA1_0_IRQHandler              
00002e8f  TA1_N_IRQHandler              
00002e8f  TA2_0_IRQHandler              
00002e8f  TA2_N_IRQHandler              
00002e8f  TA3_0_IRQHandler              
00002e8f  TA3_N_IRQHandler              
00002e8f  UsageFault_Handler            
00002e8f  WDT_A_IRQHandler              
00002e9d  __aeabi_errno_addr            
00002ea5  _system_pre_init              
00002ea9  C$$EXIT                       
00002ea9  abort                         
00002eac  _ctypes_                      
00002fcc  __TI_Handler_Table_Base       
00002fd8  __TI_Handler_Table_Limit      
00002fe0  __TI_CINIT_Base               
00002ff0  __TI_CINIT_Limit              
20000000  __start___llvm_prf_cnts       
20000000  __stop___llvm_prf_cnts        
20000000  eventQueue                    
20000040  head                          
20000041  tail                          
20000042  diag_UnknownCmd               
20000044  diag_StreamBits               
20000048  tapState                      
20000049  protoState                    
2000004a  irShiftBuf                    
2000004c  drShiftBuf                    
20000050  lastCmd                       
20000054  streamCount                   
20000058  tmsHighCount                  
2000005c  isEditMode                    
2000005d  isDone                        
2000005e  erasePollCount                
20000064  errno                         
20000068  SystemCoreClock               
2003fe00  __stack                       
20040000  __STACK_END                   
4000480c  WDTCTL_SYM                    
ffffffff  __TI_pprof_out_hndl           
ffffffff  __TI_prof_data_size           
ffffffff  __TI_prof_data_start          
ffffffff  __binit__                     
ffffffff  __c_args__                    
ffffffff  binit                         
UNDEFED   __mpu_init                    
UNDEFED   _system_post_cinit            

[150 symbols]
