******************************************************************************
                  TI ARM Linker Unix v20.2.7                   
******************************************************************************
>> Linked Wed Feb 18 20:02:33 2026

OUTPUT FILE NAME:   <SSPI_Emultaor.out>
ENTRY POINT SYMBOL: "_c_int00_noargs"  address: 00002d1d


MEMORY CONFIGURATION

         name            origin    length      used     unused   attr    fill
----------------------  --------  ---------  --------  --------  ----  --------
  MAIN                  00000000   00200000  00002f95  001fd06b  R  X
  INFO                  00200000   00008000  00000000  00008000  R  X
  SRAM_CODE             01000000   00040000  0000024c  0003fdb4  RW X
  SRAM_DATA             20000000   00040000  0000024c  0003fdb4  RW  


SEGMENT ALLOCATION MAP

run origin  load origin   length   init length attrs members
----------  ----------- ---------- ----------- ----- -------
00000000    00000000    00002f98   00002f98    r-x
  00000000    00000000    000000e4   000000e4    r-- .intvecs
  000000e4    000000e4    00002d78   00002d78    r-x .text
  00002e5c    00002e5c    00000101   00000101    r-- .const
  00002f60    00002f60    00000038   00000038    r-- .cinit
20000000    20000000    0000004c   00000000    rw-
  20000000    20000000    0000002c   00000000    rw- .data
  2000002c    2000002c    00000020   00000000    rw- .bss
2003fe00    2003fe00    00000200   00000000    rw-
  2003fe00    2003fe00    00000200   00000000    rw- .stack


SECTION ALLOCATION MAP

 output                                  attributes/
section   page    origin      length       input sections
--------  ----  ----------  ----------   ----------------
.intvecs   0    00000000    000000e4     
                  00000000    000000e4     startup_msp432p4011_ccs.obj (.intvecs:retain)

.text      0    000000e4    00002d78     
                  000000e4    00000c04     main.obj (.text)
                  00000ce8    00000a4e     rtsv7M4_T_le_v4SPD16_eabi.lib : _printfi.c.obj (.text:__TI_printfi)
                  00001736    00000002                                   : div0.asm.obj (.text)
                  00001738    00000350     system_msp432p4011.obj (.text)
                  00001a88    00000270     rtsv7M4_T_le_v4SPD16_eabi.lib : _printfi.c.obj (.text:_pconv_a)
                  00001cf8    000001d0                                   : _printfi.c.obj (.text:_pconv_g)
                  00001ec8    000001b6                                   : fd_add_t2.asm.obj (.text)
                  0000207e    00000002     --HOLE-- [fill = 0]
                  00002080    0000013c                                   : _printfi.c.obj (.text:_pconv_e)
                  000021bc    00000136                                   : fd_div_t2.asm.obj (.text)
                  000022f2    00000002     --HOLE-- [fill = 0]
                  000022f4    00000124                                   : _printfi.c.obj (.text:fcvt)
                  00002418    00000110                                   : s_scalbn.c.obj (.text:scalbn)
                  00002528    000000fc                                   : fd_mul_t2.asm.obj (.text)
                  00002624    000000b1                                   : _printfi.c.obj (.text:_ltostr)
                  000026d5    00000001     --HOLE-- [fill = 0]
                  000026d6    0000009c                                   : memcpy_t2.asm.obj (.text)
                  00002772    00000096                                   : ull_div_t2.asm.obj (.text)
                  00002808    00000086                                   : fd_cmp_t2.asm.obj (.text:__aeabi_cdcmple)
                  0000288e    00000086                                   : fd_cmp_t2.asm.obj (.text:__aeabi_cdrcmple)
                  00002914    0000007a                                   : memset_t2.asm.obj (.text)
                  0000298e    0000006e                                   : _printfi.c.obj (.text:_mcpy)
                  000029fc    00000068                                   : copy_decompress_lzss.c.obj (.text:decompress:lzss:__TI_decompress_lzss)
                  00002a64    00000064                                   : s_frexp.c.obj (.text:frexp)
                  00002ac8    00000056                                   : _printfi.c.obj (.text:_pconv_f)
                  00002b1e    00000054                                   : _ltoa.c.obj (.text:__TI_ltoa)
                  00002b72    00000052                                   : _printfi.c.obj (.text:_ecpy)
                  00002bc4    0000004c                                   : atoi.c.obj (.text:atoi)
                  00002c10    00000048                                   : fd_toi_t2.asm.obj (.text)
                  00002c58    00000044                                   : autoinit.c.obj (.text:__TI_auto_init_nobinit_nopinit:__TI_auto_init_nobinit_nopinit)
                  00002c9c    00000040                                   : sprintf.c.obj (.text:sprintf)
                  00002cdc    0000003e                                   : _printfi.c.obj (.text:_fcpy)
                  00002d1a    00000002     --HOLE-- [fill = 0]
                  00002d1c    00000034                                   : boot_cortex_m.c.obj (.text:_c_int00_noargs:_c_int00_noargs)
                  00002d50    0000002e                                   : i_tofd_t2.asm.obj (.text)
                  00002d7e    0000001c                                   : copy_zero_init.c.obj (.text:decompress:ZI:__TI_zero_init_nomemset:__TI_zero_init_nomemset)
                  00002d9a    0000001c                                   : memccpy.c.obj (.text:memccpy)
                  00002db6    0000001a                                   : s_copysign.c.obj (.text:copysign)
                  00002dd0    00000018                                   : sprintf.c.obj (.text:_outs)
                  00002de8    00000016                                   : strchr.c.obj (.text:strchr)
                  00002dfe    00000014                                   : strlen.c.obj (.text:strlen)
                  00002e12    00000012                                   : wcslen.c.obj (.text:wcslen)
                  00002e24    0000000e                                   : copy_decompress_none.c.obj (.text:decompress:none:__TI_decompress_none)
                  00002e32    0000000e     startup_msp432p4011_ccs.obj (.text)
                  00002e40    0000000a     rtsv7M4_T_le_v4SPD16_eabi.lib : sprintf.c.obj (.text:_outc)
                  00002e4a    00000002     --HOLE-- [fill = 0]
                  00002e4c    00000008                                   : errno.c.obj (.text:__aeabi_errno_addr)
                  00002e54    00000004                                   : pre_init.c.obj (.text:_system_pre_init)
                  00002e58    00000004                                   : exit.c.obj (.text:abort:abort)

.const     0    00002e5c    00000101     
                  00002e5c    00000101     rtsv7M4_T_le_v4SPD16_eabi.lib : ctype.c.obj (.const:.string:_ctypes_)

.cinit     0    00002f60    00000038     
                  00002f60    00000014     (.cinit..data.load) [load image, compression = lzss]
                  00002f74    0000000c     (__TI_handler_table)
                  00002f80    00000008     (.cinit..bss.load) [load image, compression = zero_init]
                  00002f88    00000010     (__TI_cinit_table)

.init_array 
*          0    00000000    00000000     UNINITIALIZED

.binit     0    00000000    00000000     

.data      0    20000000    0000002c     UNINITIALIZED
                  20000000    00000021     main.obj (.data)
                  20000021    00000003     --HOLE--
                  20000024    00000004     rtsv7M4_T_le_v4SPD16_eabi.lib : errno.c.obj (.data)
                  20000028    00000004     system_msp432p4011.obj (.data)

.bss       0    2000002c    00000020     UNINITIALIZED
                  2000002c    00000020     (.common:eventQueue)

.stack     0    2003fe00    00000200     UNINITIALIZED
                  2003fe00    00000004     rtsv7M4_T_le_v4SPD16_eabi.lib : boot_cortex_m.c.obj (.stack)
                  2003fe04    000001fc     --HOLE--

__llvm_prf_cnts 
*          0    20000000    00000000     UNINITIALIZED

MODULE SUMMARY

       Module                        code    ro data   rw data
       ------                        ----    -------   -------
    ./
       main.obj                      3076    0         130    
       system_msp432p4011.obj        848     0         8      
       startup_msp432p4011_ccs.obj   14      228       0      
    +--+-----------------------------+-------+---------+---------+
       Total:                        3938    228       138    
                                                              
    /home/bscholt17/ti/ccs1250/ccs/tools/compiler/ti-cgt-arm_20.2.7.LTS/lib/rtsv7M4_T_le_v4SPD16_eabi.lib
       _printfi.c.obj                4851    0         0      
       fd_add_t2.asm.obj             438     0         0      
       fd_div_t2.asm.obj             310     0         0      
       s_scalbn.c.obj                272     0         0      
       fd_cmp_t2.asm.obj             268     0         0      
       ctype.c.obj                   0       257       0      
       fd_mul_t2.asm.obj             252     0         0      
       memcpy_t2.asm.obj             156     0         0      
       ull_div_t2.asm.obj            150     0         0      
       memset_t2.asm.obj             122     0         0      
       copy_decompress_lzss.c.obj    104     0         0      
       s_frexp.c.obj                 100     0         0      
       sprintf.c.obj                 98      0         0      
       _ltoa.c.obj                   84      0         0      
       atoi.c.obj                    76      0         0      
       fd_toi_t2.asm.obj             72      0         0      
       autoinit.c.obj                68      0         0      
       boot_cortex_m.c.obj           52      0         0      
       i_tofd_t2.asm.obj             46      0         0      
       copy_zero_init.c.obj          28      0         0      
       memccpy.c.obj                 28      0         0      
       s_copysign.c.obj              26      0         0      
       strchr.c.obj                  22      0         0      
       strlen.c.obj                  20      0         0      
       wcslen.c.obj                  18      0         0      
       errno.c.obj                   8       0         8      
       copy_decompress_none.c.obj    14      0         0      
       exit.c.obj                    4       0         0      
       pre_init.c.obj                4       0         0      
       div0.asm.obj                  2       0         0      
    +--+-----------------------------+-------+---------+---------+
       Total:                        7693    257       8      
                                                              
       Stack:                        0       0         1024   
       Linker Generated:             0       56        0      
    +--+-----------------------------+-------+---------+---------+
       Grand Total:                  11631   541       1170   


LINKER GENERATED COPY TABLES

__TI_cinit_table @ 00002f88 records: 2, size/record: 8, table size: 16
	.data: load addr=00002f60, load size=00000014 bytes, run addr=20000000, run size=0000002c bytes, compression=lzss
	.bss: load addr=00002f80, load size=00000008 bytes, run addr=2000002c, run size=00000020 bytes, compression=zero_init


LINKER GENERATED HANDLER TABLE

__TI_handler_table @ 00002f74 records: 3, size/record: 4, table size: 12
	index: 0, handler: __TI_decompress_lzss
	index: 1, handler: __TI_decompress_none
	index: 2, handler: __TI_zero_init


GLOBAL SYMBOLS: SORTED ALPHABETICALLY BY Name 

address   name                          
-------   ----                          
00002e3f  ADC14_IRQHandler              
00002e3f  AES256_IRQHandler             
00002e3f  BusFault_Handler              
00002e59  C$$EXIT                       
00002e3f  COMP_E0_IRQHandler            
00002e3f  COMP_E1_IRQHandler            
00002e3f  CS_IRQHandler                 
00000277  CheckModePins                 
00002e3f  DMA_ERR_IRQHandler            
00002e3f  DMA_INT0_IRQHandler           
00002e3f  DMA_INT1_IRQHandler           
00002e3f  DMA_INT2_IRQHandler           
00002e3f  DMA_INT3_IRQHandler           
00002e3f  DebugMon_Handler              
00002e3f  Default_Handler               
00000127  Dequeue                       
00002e3f  EUSCIA0_IRQHandler            
00002e3f  EUSCIA1_IRQHandler            
00002e3f  EUSCIA2_IRQHandler            
00002e3f  EUSCIB0_IRQHandler            
00002e3f  EUSCIB2_IRQHandler            
00002e3f  EUSCIB3_IRQHandler            
000000e5  Enqueue                       
00002e3f  FLCTL_A_IRQHandler            
00002e3f  FPU_IRQHandler                
0000024b  GetTickDelta                  
00002e3f  HardFault_Handler             
00002e3f  MemManage_Handler             
00002e3f  NMI_Handler                   
00002e3f  PCM_IRQHandler                
00002e3f  PORT1_IRQHandler              
00002e3f  PORT2_IRQHandler              
00002e3f  PORT3_IRQHandler              
00002e3f  PORT4_IRQHandler              
00000983  PORT5_IRQHandler              
00000983  PORT5_IRQHandler              
00002e3f  PORT6_IRQHandler              
00002e3f  PSS_IRQHandler                
00002e3f  PendSV_Handler                
00000215  Print_Hex                     
00002e3f  RTC_C_IRQHandler              
00002e33  Reset_Handler                 
00002e3f  SVC_Handler                   
00002e3f  SysTick_Handler               
00000235  SysTick_Init                  
20000028  SystemCoreClock               
00001739  SystemCoreClockUpdate         
000019b1  SystemInit                    
00000165  System_Clock_Init_48MHz       
00002e3f  T32_INT1_IRQHandler           
00002e3f  T32_INT2_IRQHandler           
00002e3f  T32_INTC_IRQHandler           
00002e3f  TA0_0_IRQHandler              
00002e3f  TA0_N_IRQHandler              
00002e3f  TA1_0_IRQHandler              
00002e3f  TA1_N_IRQHandler              
00002e3f  TA2_0_IRQHandler              
00002e3f  TA2_N_IRQHandler              
000001b1  UART_Init                     
000001ed  UART_Print                    
00002e3f  UsageFault_Handler            
4000480c  WDTCTL_SYM                    
00002e3f  WDT_A_IRQHandler              
20040000  __STACK_END                   
00000200  __STACK_SIZE                  
00002f88  __TI_CINIT_Base               
00002f98  __TI_CINIT_Limit              
00002f74  __TI_Handler_Table_Base       
00002f80  __TI_Handler_Table_Limit      
00002c59  __TI_auto_init_nobinit_nopinit
000029fd  __TI_decompress_lzss          
00002e25  __TI_decompress_none          
00002b1f  __TI_ltoa                     
ffffffff  __TI_pprof_out_hndl           
00000ce9  __TI_printfi                  
ffffffff  __TI_prof_data_size           
ffffffff  __TI_prof_data_start          
00000000  __TI_static_base__            
00002d7f  __TI_zero_init_nomemset       
00002809  __aeabi_cdcmpeq               
00002809  __aeabi_cdcmple               
0000288f  __aeabi_cdrcmple              
00002c11  __aeabi_d2iz                  
00001ed3  __aeabi_dadd                  
000021bd  __aeabi_ddiv                  
00002529  __aeabi_dmul                  
00001ec9  __aeabi_dsub                  
00002e4d  __aeabi_errno_addr            
00002d51  __aeabi_i2d                   
00001737  __aeabi_idiv0                 
00001737  __aeabi_ldiv0                 
00002915  __aeabi_memclr                
00002915  __aeabi_memclr4               
00002915  __aeabi_memclr8               
000026d7  __aeabi_memcpy                
000026d7  __aeabi_memcpy4               
000026d7  __aeabi_memcpy8               
00002917  __aeabi_memset                
00002917  __aeabi_memset4               
00002917  __aeabi_memset8               
00002773  __aeabi_uldivmod              
ffffffff  __binit__                     
ffffffff  __c_args__                    
UNDEFED   __mpu_init                    
2003fe00  __stack                       
20000000  __start___llvm_prf_cnts       
20000000  __stop___llvm_prf_cnts        
00002d1d  _c_int00_noargs               
00002e5c  _ctypes_                      
UNDEFED   _system_post_cinit            
00002e55  _system_pre_init              
00002e59  abort                         
00002bc5  atoi                          
ffffffff  binit                         
20000010  bitIdx                        
20000018  byteCount                     
00002db7  copysign                      
00002db7  copysignl                     
20000005  currentState                  
20000003  diag_ExpectedState            
20000002  diag_ReceivedCmd              
20000004  diag_UnknownByte              
20000008  eraseTimestamp                
20000024  errno                         
2000002c  eventQueue                    
00002a65  frexp                         
00002a65  frexpl                        
20000000  head                          
20000020  internalDoneFlag              
00000000  interruptVectors              
20000014  lastCmd                       
00002419  ldexp                         
00002419  ldexpl                        
000002fd  main                          
00002d9b  memccpy                       
000026d7  memcpy                        
0000291d  memset                        
2000001c  outShiftReg                   
20000006  protoState                    
00002419  scalbn                        
00002419  scalbnl                       
2000000c  shiftReg                      
00002c9d  sprintf                       
00002de9  strchr                        
00002dff  strlen                        
20000001  tail                          
00002e13  wcslen                        


GLOBAL SYMBOLS: SORTED BY Symbol Address 

address   name                          
-------   ----                          
00000000  __TI_static_base__            
00000000  interruptVectors              
000000e5  Enqueue                       
00000127  Dequeue                       
00000165  System_Clock_Init_48MHz       
000001b1  UART_Init                     
000001ed  UART_Print                    
00000200  __STACK_SIZE                  
00000215  Print_Hex                     
00000235  SysTick_Init                  
0000024b  GetTickDelta                  
00000277  CheckModePins                 
000002fd  main                          
00000983  PORT5_IRQHandler              
00000983  PORT5_IRQHandler              
00000ce9  __TI_printfi                  
00001737  __aeabi_idiv0                 
00001737  __aeabi_ldiv0                 
00001739  SystemCoreClockUpdate         
000019b1  SystemInit                    
00001ec9  __aeabi_dsub                  
00001ed3  __aeabi_dadd                  
000021bd  __aeabi_ddiv                  
00002419  ldexp                         
00002419  ldexpl                        
00002419  scalbn                        
00002419  scalbnl                       
00002529  __aeabi_dmul                  
000026d7  __aeabi_memcpy                
000026d7  __aeabi_memcpy4               
000026d7  __aeabi_memcpy8               
000026d7  memcpy                        
00002773  __aeabi_uldivmod              
00002809  __aeabi_cdcmpeq               
00002809  __aeabi_cdcmple               
0000288f  __aeabi_cdrcmple              
00002915  __aeabi_memclr                
00002915  __aeabi_memclr4               
00002915  __aeabi_memclr8               
00002917  __aeabi_memset                
00002917  __aeabi_memset4               
00002917  __aeabi_memset8               
0000291d  memset                        
000029fd  __TI_decompress_lzss          
00002a65  frexp                         
00002a65  frexpl                        
00002b1f  __TI_ltoa                     
00002bc5  atoi                          
00002c11  __aeabi_d2iz                  
00002c59  __TI_auto_init_nobinit_nopinit
00002c9d  sprintf                       
00002d1d  _c_int00_noargs               
00002d51  __aeabi_i2d                   
00002d7f  __TI_zero_init_nomemset       
00002d9b  memccpy                       
00002db7  copysign                      
00002db7  copysignl                     
00002de9  strchr                        
00002dff  strlen                        
00002e13  wcslen                        
00002e25  __TI_decompress_none          
00002e33  Reset_Handler                 
00002e3f  ADC14_IRQHandler              
00002e3f  AES256_IRQHandler             
00002e3f  BusFault_Handler              
00002e3f  COMP_E0_IRQHandler            
00002e3f  COMP_E1_IRQHandler            
00002e3f  CS_IRQHandler                 
00002e3f  DMA_ERR_IRQHandler            
00002e3f  DMA_INT0_IRQHandler           
00002e3f  DMA_INT1_IRQHandler           
00002e3f  DMA_INT2_IRQHandler           
00002e3f  DMA_INT3_IRQHandler           
00002e3f  DebugMon_Handler              
00002e3f  Default_Handler               
00002e3f  EUSCIA0_IRQHandler            
00002e3f  EUSCIA1_IRQHandler            
00002e3f  EUSCIA2_IRQHandler            
00002e3f  EUSCIB0_IRQHandler            
00002e3f  EUSCIB2_IRQHandler            
00002e3f  EUSCIB3_IRQHandler            
00002e3f  FLCTL_A_IRQHandler            
00002e3f  FPU_IRQHandler                
00002e3f  HardFault_Handler             
00002e3f  MemManage_Handler             
00002e3f  NMI_Handler                   
00002e3f  PCM_IRQHandler                
00002e3f  PORT1_IRQHandler              
00002e3f  PORT2_IRQHandler              
00002e3f  PORT3_IRQHandler              
00002e3f  PORT4_IRQHandler              
00002e3f  PORT6_IRQHandler              
00002e3f  PSS_IRQHandler                
00002e3f  PendSV_Handler                
00002e3f  RTC_C_IRQHandler              
00002e3f  SVC_Handler                   
00002e3f  SysTick_Handler               
00002e3f  T32_INT1_IRQHandler           
00002e3f  T32_INT2_IRQHandler           
00002e3f  T32_INTC_IRQHandler           
00002e3f  TA0_0_IRQHandler              
00002e3f  TA0_N_IRQHandler              
00002e3f  TA1_0_IRQHandler              
00002e3f  TA1_N_IRQHandler              
00002e3f  TA2_0_IRQHandler              
00002e3f  TA2_N_IRQHandler              
00002e3f  UsageFault_Handler            
00002e3f  WDT_A_IRQHandler              
00002e4d  __aeabi_errno_addr            
00002e55  _system_pre_init              
00002e59  C$$EXIT                       
00002e59  abort                         
00002e5c  _ctypes_                      
00002f74  __TI_Handler_Table_Base       
00002f80  __TI_Handler_Table_Limit      
00002f88  __TI_CINIT_Base               
00002f98  __TI_CINIT_Limit              
20000000  __start___llvm_prf_cnts       
20000000  __stop___llvm_prf_cnts        
20000000  head                          
20000001  tail                          
20000002  diag_ReceivedCmd              
20000003  diag_ExpectedState            
20000004  diag_UnknownByte              
20000005  currentState                  
20000006  protoState                    
20000008  eraseTimestamp                
2000000c  shiftReg                      
20000010  bitIdx                        
20000014  lastCmd                       
20000018  byteCount                     
2000001c  outShiftReg                   
20000020  internalDoneFlag              
20000024  errno                         
20000028  SystemCoreClock               
2000002c  eventQueue                    
2003fe00  __stack                       
20040000  __STACK_END                   
4000480c  WDTCTL_SYM                    
ffffffff  __TI_pprof_out_hndl           
ffffffff  __TI_prof_data_size           
ffffffff  __TI_prof_data_start          
ffffffff  __binit__                     
ffffffff  __c_args__                    
ffffffff  binit                         
UNDEFED   __mpu_init                    
UNDEFED   _system_post_cinit            

[147 symbols]
